// Jest Snapshot v1, https://goo.gl/fbAQLP

exports[`FistLoginForm renders correctly 1`] = `
<form
  className="ui error form"
  onSubmit={[Function]}
>
  <div
    className="field"
  >
    <label>
      Senha
    </label>
    <input
      data-testid="password"
      onChange={[Function]}
      placeholder="Senha"
      type="password"
    />
  </div>
  <div
    className="field"
  >
    <label>
      Repetir Senha
    </label>
    <input
      data-testid="repeatPassword"
      onChange={[Function]}
      placeholder="Repetir Senha"
      type="password"
    />
  </div>
  <div
    className="ui error message"
    data-testid="error-message"
  />
  <button
    className="ui fluid disabled button"
    data-testid="submit"
    disabled={true}
    onClick={[Function]}
    tabIndex={-1}
    type="submit"
  >
    Entrar
  </button>
</form>
`;
