// Jest Snapshot v1, https://goo.gl/fbAQLP

exports[`NavBar renders correctly 1`] = `
<div>
  <div>
    <div>
      <div
        className="ui inverted vertical center aligned segment sc-bdVaJa fGrPIJ"
      >
        <div
          className="ui large inverted pointing secondary menu"
        >
          <div
            className="ui container"
          >
            <a
              className="active item"
              data-testid="link-to-home"
              href="/"
              onClick={[Function]}
            >
              Home
            </a>
            <a
              className="item"
              data-testid="link-to-search"
              href="/user"
              onClick={[Function]}
            >
              Pesquisar anúncios
            </a>
            <a
              className="item"
              data-testid="link-to-my-listing"
              href=""
              onClick={[Function]}
            >
              Meus anúncios
            </a>
            <a
              className="item"
              data-testid="link-to-my-proposal"
              href=""
              onClick={[Function]}
            >
              Minhas Propostas
            </a>
            <a
              className="item"
              data-testid="link-to-how-it-works"
              href=""
              onClick={[Function]}
            >
              Como Funciona?
            </a>
            <div
              className="right item"
              onClick={[Function]}
            >
              <a
                className="ui inverted button"
                data-testid="logout-button"
                onClick={[Function]}
                role="button"
                style={
                  Object {
                    "marginLeft": "0.5em",
                  }
                }
              >
                Sair
              </a>
            </div>
          </div>
        </div>
      </div>
    </div>
    <div>
       Hey!
    </div>
  </div>
</div>
`;
