// Jest Snapshot v1, https://goo.gl/fbAQLP

exports[`Pagination renders correctly 1`] = `
<div
  aria-label="Pagination Navigation"
  className="ui pagination menu"
  role="navigation"
>
  <a
    aria-current={false}
    aria-disabled={false}
    aria-label="First item"
    className="item"
    onClick={[Function]}
    onKeyDown={[Function]}
    tabIndex={0}
    type="firstItem"
    value={1}
  >
    «
  </a>
  <a
    aria-current={false}
    aria-disabled={false}
    aria-label="Previous item"
    className="item"
    onClick={[Function]}
    onKeyDown={[Function]}
    tabIndex={0}
    type="prevItem"
    value={NaN}
  >
    ⟨
  </a>
  <a
    aria-current={false}
    aria-disabled={false}
    className="item"
    onClick={[Function]}
    onKeyDown={[Function]}
    tabIndex={0}
    type="pageItem"
    value={1}
  >
    1
  </a>
  <a
    aria-current={false}
    aria-disabled={true}
    className="item"
    onClick={[Function]}
    onKeyDown={[Function]}
    tabIndex={-1}
    type="ellipsisItem"
    value={NaN}
  >
    ...
  </a>
  <a
    aria-current={false}
    aria-disabled={true}
    className="item"
    onClick={[Function]}
    onKeyDown={[Function]}
    tabIndex={-1}
    type="ellipsisItem"
    value={NaN}
  >
    ...
  </a>
  <a
    aria-current={false}
    aria-disabled={false}
    aria-label="Next item"
    className="item"
    onClick={[Function]}
    onKeyDown={[Function]}
    tabIndex={0}
    type="nextItem"
    value={NaN}
  >
    ⟩
  </a>
  <a
    aria-current={false}
    aria-disabled={false}
    aria-label="Last item"
    className="item"
    onClick={[Function]}
    onKeyDown={[Function]}
    tabIndex={0}
    type="lastItem"
    value={NaN}
  >
    »
  </a>
</div>
`;
